
> agency2@0.1.0 build
> next build

   Γû▓ Next.js 14.0.4
   - Environments: .env.local
   - Experiments (use at your own risk):
     ┬╖ optimizeCss

   Creating an optimized production build ...
 Γ£ô Compiled successfully
   Linting and checking validity of types ...
   Collecting page data ...
   Generating static pages (0/29) ...
Time 59.788

   Generating static pages (7/29) 

   Generating static pages (14/29) 
Time 85.1602

   Generating static pages (21/29) 

 Γ£ô Generating static pages (29/29) 
   Finalizing page optimization ...
   Collecting build traces ...

Route (app)                              Size     First Load JS
Γöî Γùï /                                    7.84 kB         123 kB
Γö£ Γùï /_not-found                          869 B          82.7 kB
Γö£ Γùï /about                               1.84 kB         117 kB
Γö£ Γùï /admin                               4.36 kB         119 kB
Γö£ Γùï /admin/login                         2.49 kB        84.3 kB
Γö£ Γùï /api/admin                           0 B                0 B
Γö£ ╬╗ /api/auth/login                      0 B                0 B
Γö£ ╬╗ /api/auth/logout                     0 B                0 B
Γö£ ╬╗ /api/content                         0 B                0 B
Γö£ ╬╗ /api/leads                           0 B                0 B
Γö£ ╬╗ /api/settings                        0 B                0 B
Γö£ Γùï /blog                                3.01 kB         118 kB
Γö£ Γùï /careers                             3.14 kB         118 kB
Γö£ Γùï /case-studies                        3.13 kB         118 kB
Γö£ Γùï /company/about                       2.27 kB         117 kB
Γö£ Γùï /contact                             2.48 kB         117 kB
Γö£ Γùï /portfolio                           1.56 kB         123 kB
Γö£ Γùï /portfolio/websites                  2.39 kB         117 kB
Γö£ Γùï /services                            2.33 kB         124 kB
Γö£ Γùï /services/ai-integration             2.71 kB        84.5 kB
Γö£ Γùï /services/cloud-solutions            2.71 kB        84.5 kB
Γö£ Γùï /services/mobile-apps                2.37 kB         117 kB
Γö£ Γùï /services/seo-marketing              2.3 kB          117 kB
Γö£ Γùï /services/ui-ux-design               2.83 kB        84.6 kB
Γö£ Γùï /services/web-development            1.49 kB         123 kB
Γö£ Γùï /team                                2.47 kB         117 kB
Γöö Γùï /test                                138 B          81.9 kB
+ First Load JS shared by all            81.8 kB
  Γö£ chunks/938-897d89ad3059f322.js       26.6 kB
  Γö£ chunks/fd9d1056-e4e5e23bdf33ed62.js  53.3 kB
  Γö£ chunks/main-app-7e8728968a587d62.js  220 B
  Γöö chunks/webpack-a7d59f41272aad69.js   1.68 kB


╞Æ Middleware                             40 kB

Γùï  (Static)   prerendered as static content
╬╗  (Dynamic)  server-rendered on demand using Node.js

